[0;32m[INFO][0m 03:09:08 获取可用端口: 8207
[0;32m[INFO][0m 03:09:08 已导出环境变量 ALLOCATED_PORT
[0;32m[INFO][0m 03:09:08 端口注入成功
[0;32m[INFO][0m 03:09:11 frp进程启动成功 (PID: 10446)
[0;32m[INFO][0m 03:11:43 获取可用端口: 8207
[0;32m[INFO][0m 03:11:43 已导出环境变量 ALLOCATED_PORT
[0;32m[INFO][0m 03:11:43 端口注入成功
[0;32m[INFO][0m 03:11:46 frp进程启动成功 (PID: 11157)
[0;32m[INFO][0m 03:51:31 获取可用端口: 8208
[0;32m[INFO][0m 03:51:31 已导出环境变量 ALLOCATED_PORT
[0;32m[INFO][0m 03:51:31 端口注入成功
[0;32m[INFO][0m 03:51:34 frp进程启动成功 (PID: 18538)
[0;32m[INFO][0m 03:59:35 获取可用端口: 8208
[0;32m[INFO][0m 03:59:35 端口注入成功
[0;32m[INFO][0m 03:59:38 frp进程启动成功 (PID: 20338)，状态已写入 /Node/frp/frpc.state
[0;32m[INFO][0m 03:59:50 正在停止 frp 客户端 (PID: 20338)
[0;32m[INFO][0m 03:59:53 已释放端口: 8208
[0;32m[INFO][0m 03:59:53 frp客户端已停止，状态文件已清理
[0;32m[INFO][0m 04:00:07 获取可用端口: 8209
[0;32m[INFO][0m 04:00:07 端口注入成功
[0;32m[INFO][0m 04:00:09 frp进程启动成功 (PID: 20583)，状态已写入 /Node/frp/frpc.state
[0;32m[INFO][0m 05:39:12 正在停止 frp 客户端 (PID: 20583)
[0;32m[INFO][0m 05:39:14 已释放端口: 8209
[0;32m[INFO][0m 05:39:15 frp客户端已停止，状态文件已清理
[0;32m[INFO][0m 05:39:36 获取可用端口: 8210
[0;32m[INFO][0m 05:39:36 端口注入成功
[0;32m[INFO][0m 05:39:39 frp进程启动成功 (PID: 37661)，状态已写入 /Node/frp/frpc.state
[0;32m[INFO][0m 05:39:50 正在停止 frp 客户端 (PID: 37661)
[0;32m[INFO][0m 05:39:52 已释放端口: 8210
[0;32m[INFO][0m 05:39:52 frp客户端已停止，状态文件已清理
[0;32m[INFO][0m 05:44:47 获取可用端口: 8212
[0;32m[INFO][0m 05:44:47 端口注入成功
[0;32m[INFO][0m 05:44:50 frp进程启动成功 (PID: 40221)，状态已写入 /Node/frp/frpc.state
[0;32m[INFO][0m 05:50:33 获取可用端口: 8213
[0;32m[INFO][0m 05:50:33 端口注入成功
[0;32m[INFO][0m 05:50:36 frp进程启动成功 (PID: 41116)，状态已写入 /Node/frp/frpc.state
[0;32m[INFO][0m 05:51:08 正在停止 frp 客户端 (PID: 41116)
[0;32m[INFO][0m 05:51:10 已释放端口: 8213
[0;32m[INFO][0m 05:51:10 frp客户端已停止，状态文件已清理
[1;33m[WARN][0m 05:51:13 状态文件不存在，frp客户端未运行或未通过 frp_start 启动
[0;32m[INFO][0m 06:16:27 获取可用端口: 8214
[0;32m[INFO][0m 06:16:27 生成 nodeName: node_1770185787_17805
[0;32m[INFO][0m 06:16:27 配置注入成功 (nodeName=node_1770185787_17805, port=8214)
[0;32m[INFO][0m 06:16:30 frp进程启动成功 (PID: 45459, nodeName: node_1770185787_17805)，状态已写入 /Node/frp/frpc.state
[0;32m[INFO][0m 06:16:55 正在停止 frp 客户端 (PID: 45459)
[0;32m[INFO][0m 06:16:57 已释放端口: 8214
[0;32m[INFO][0m 06:16:57 frp客户端已停止，状态文件已清理
